10.71.71.81 - - [27/Jul/2013:01:41:23 +0530] "GET /static/themes/general.css HTTP/1.1" 304 210 "http://10.71.71.171:8081/fb" "Mozilla/5.0 (Windows NT 6.1; WOW64) AppleWebKit/537.36 (KHTML, like Gecko) Chrome/28.0.1500.72 Safari/537.36"
10.71.71.81 - - [27/Jul/2013:01:41:23 +0530] "GET /static/scripts/gimmick.js HTTP/1.1" 200 3592 "http://10.71.71.171:8081/fb" "Mozilla/5.0 (Windows NT 6.1; WOW64) AppleWebKit/537.36 (KHTML, like Gecko) Chrome/28.0.1500.72 Safari/537.36"
10.71.71.81 - - [27/Jul/2013:01:41:23 +0530] "GET /static/scripts/jquery.js HTTP/1.1" 304 211 "http://10.71.71.171:8081/fb" "Mozilla/5.0 (Windows NT 6.1; WOW64) AppleWebKit/537.36 (KHTML, like Gecko) Chrome/28.0.1500.72 Safari/537.36"
10.71.71.81 - - [27/Jul/2013:01:41:24 +0530] "GET /favicon.ico HTTP/1.1" 404 501 "-" "Mozilla/5.0 (Windows NT 6.1; WOW64) AppleWebKit/537.36 (KHTML, like Gecko) Chrome/28.0.1500.72 Safari/537.36"
10.71.71.81 - - [27/Jul/2013:01:41:24 +0530] "GET /favicon.ico HTTP/1.1" 404 501 "-" "Mozilla/5.0 (Windows NT 6.1; WOW64) AppleWebKit/537.36 (KHTML, like Gecko) Chrome/28.0.1500.72 Safari/537.36"
10.71.71.81 - - [27/Jul/2013:01:41:24 +0530] "GET /favicon.ico HTTP/1.1" 404 501 "-" "Mozilla/5.0 (Windows NT 6.1; WOW64) AppleWebKit/537.36 (KHTML, like Gecko) Chrome/28.0.1500.72 Safari/537.36"
10.71.71.81 - - [27/Jul/2013:01:41:24 +0530] "GET /favicon.ico HTTP/1.1" 404 501 "-" "Mozilla/5.0 (Windows NT 6.1; WOW64) AppleWebKit/537.36 (KHTML, like Gecko) Chrome/28.0.1500.72 Safari/537.36"
10.71.71.81 - - [27/Jul/2013:01:41:24 +0530] "GET /favicon.ico HTTP/1.1" 404 501 "-" "Mozilla/5.0 (Windows NT 6.1; WOW64) AppleWebKit/537.36 (KHTML, like Gecko) Chrome/28.0.1500.72 Safari/537.36"
10.71.71.81 - - [27/Jul/2013:01:41:24 +0530] "GET /fb/_getProfile?a=CAAIK2YbNf7cBAOmUHGB7jV5XMeCI9NiYIvWoq2p28BEsjNqpuCob6yID1YVLMCxDWoMUzZBAtQMLVwyKAUWB3MkQsSMkSXFgLV5my3ZBtRhstAMZAnvjS4IphvZAiex9LD5KTzJzPReaJwVZAoYq7EZAv4JpZBZAZB91okKCbZAfEtYwZDZD HTTP/1.1" 200 539 "http://10.71.71.171:8081/fb" "Mozilla/5.0 (Windows NT 6.1; WOW64) AppleWebKit/537.36 (KHTML, like Gecko) Chrome/28.0.1500.72 Safari/537.36"
10.71.71.81 - - [27/Jul/2013:01:41:25 +0530] "GET /fb/_getCloseFriends?a=CAAIK2YbNf7cBAOmUHGB7jV5XMeCI9NiYIvWoq2p28BEsjNqpuCob6yID1YVLMCxDWoMUzZBAtQMLVwyKAUWB3MkQsSMkSXFgLV5my3ZBtRhstAMZAnvjS4IphvZAiex9LD5KTzJzPReaJwVZAoYq7EZAv4JpZBZAZB91okKCbZAfEtYwZDZD&b=100001278231508 HTTP/1.1" 200 1934 "http://10.71.71.171:8081/fb" "Mozilla/5.0 (Windows NT 6.1; WOW64) AppleWebKit/537.36 (KHTML, like Gecko) Chrome/28.0.1500.72 Safari/537.36"
127.0.0.1 - - [27/Jul/2013:01:42:10 +0530] "OPTIONS * HTTP/1.0" 200 126 "-" "Apache/2.2.22 (Ubuntu) (internal dummy connection)"
10.71.71.81 - - [27/Jul/2013:01:43:07 +0530] "GET /fb HTTP/1.1" 200 1661 "-" "Mozilla/5.0 (Windows NT 6.1; WOW64) AppleWebKit/537.36 (KHTML, like Gecko) Chrome/28.0.1500.72 Safari/537.36"
10.71.71.81 - - [27/Jul/2013:01:43:07 +0530] "GET /static/scripts/jquery.js HTTP/1.1" 304 211 "http://10.71.71.171:8081/fb" "Mozilla/5.0 (Windows NT 6.1; WOW64) AppleWebKit/537.36 (KHTML, like Gecko) Chrome/28.0.1500.72 Safari/537.36"
10.71.71.81 - - [27/Jul/2013:01:43:07 +0530] "GET /static/scripts/d3.v3.min.js HTTP/1.1" 304 212 "http://10.71.71.171:8081/fb" "Mozilla/5.0 (Windows NT 6.1; WOW64) AppleWebKit/537.36 (KHTML, like Gecko) Chrome/28.0.1500.72 Safari/537.36"
10.71.71.81 - - [27/Jul/2013:01:43:07 +0530] "GET /static/scripts/gimmick.js HTTP/1.1" 304 211 "http://10.71.71.171:8081/fb" "Mozilla/5.0 (Windows NT 6.1; WOW64) AppleWebKit/537.36 (KHTML, like Gecko) Chrome/28.0.1500.72 Safari/537.36"
10.71.71.81 - - [27/Jul/2013:01:43:07 +0530] "GET /static/themes/general.css HTTP/1.1" 304 210 "http://10.71.71.171:8081/fb" "Mozilla/5.0 (Windows NT 6.1; WOW64) AppleWebKit/537.36 (KHTML, like Gecko) Chrome/28.0.1500.72 Safari/537.36"
10.71.71.81 - - [27/Jul/2013:01:43:07 +0530] "GET /favicon.ico HTTP/1.1" 404 501 "-" "Mozilla/5.0 (Windows NT 6.1; WOW64) AppleWebKit/537.36 (KHTML, like Gecko) Chrome/28.0.1500.72 Safari/537.36"
10.71.71.81 - - [27/Jul/2013:01:43:07 +0530] "GET /favicon.ico HTTP/1.1" 404 501 "-" "Mozilla/5.0 (Windows NT 6.1; WOW64) AppleWebKit/537.36 (KHTML, like Gecko) Chrome/28.0.1500.72 Safari/537.36"
10.71.71.81 - - [27/Jul/2013:01:43:07 +0530] "GET /favicon.ico HTTP/1.1" 404 501 "-" "Mozilla/5.0 (Windows NT 6.1; WOW64) AppleWebKit/537.36 (KHTML, like Gecko) Chrome/28.0.1500.72 Safari/537.36"
10.71.71.81 - - [27/Jul/2013:01:43:07 +0530] "GET /favicon.ico HTTP/1.1" 404 501 "-" "Mozilla/5.0 (Windows NT 6.1; WOW64) AppleWebKit/537.36 (KHTML, like Gecko) Chrome/28.0.1500.72 Safari/537.36"
10.71.71.81 - - [27/Jul/2013:01:43:07 +0530] "GET /favicon.ico HTTP/1.1" 404 501 "-" "Mozilla/5.0 (Windows NT 6.1; WOW64) AppleWebKit/537.36 (KHTML, like Gecko) Chrome/28.0.1500.72 Safari/537.36"
10.71.71.81 - - [27/Jul/2013:01:43:07 +0530] "GET /fb/_getProfile?a=CAAIK2YbNf7cBAN5f8pLgMShUhdKhWB0Ut2JahbHODkfgbebOWptTHZBM0Pawf57OautXSZCSUPSwbinqwLpw3NAAb0B8k5y08Ys52oPMmDg2uZB1XbwTV0gR4tU9XQiiOSkdjn9XiNyv25n6IzVKNhPXyFdEIx3UEaYuQdZBMQZDZD HTTP/1.1" 200 539 "http://10.71.71.171:8081/fb" "Mozilla/5.0 (Windows NT 6.1; WOW64) AppleWebKit/537.36 (KHTML, like Gecko) Chrome/28.0.1500.72 Safari/537.36"
10.71.71.81 - - [27/Jul/2013:01:43:09 +0530] "GET /fb/_getCloseFriends?a=CAAIK2YbNf7cBAN5f8pLgMShUhdKhWB0Ut2JahbHODkfgbebOWptTHZBM0Pawf57OautXSZCSUPSwbinqwLpw3NAAb0B8k5y08Ys52oPMmDg2uZB1XbwTV0gR4tU9XQiiOSkdjn9XiNyv25n6IzVKNhPXyFdEIx3UEaYuQdZBMQZDZD&b=100001278231508 HTTP/1.1" 200 1914 "http://10.71.71.171:8081/fb" "Mozilla/5.0 (Windows NT 6.1; WOW64) AppleWebKit/537.36 (KHTML, like Gecko) Chrome/28.0.1500.72 Safari/537.36"
127.0.0.1 - - [27/Jul/2013:01:43:54 +0530] "OPTIONS * HTTP/1.0" 200 126 "-" "Apache/2.2.22 (Ubuntu) (internal dummy connection)"
10.71.71.190 - - [27/Jul/2013:01:44:35 +0530] "GET /fb HTTP/1.1" 200 1661 "-" "Mozilla/5.0 (X11; Linux x86_64) AppleWebKit/537.36 (KHTML, like Gecko) Ubuntu Chromium/28.0.1500.71 Chrome/28.0.1500.71 Safari/537.36"
10.71.71.190 - - [27/Jul/2013:01:44:35 +0530] "GET /static/themes/general.css HTTP/1.1" 200 603 "http://10.71.71.171:8081/fb" "Mozilla/5.0 (X11; Linux x86_64) AppleWebKit/537.36 (KHTML, like Gecko) Ubuntu Chromium/28.0.1500.71 Chrome/28.0.1500.71 Safari/537.36"
10.71.71.190 - - [27/Jul/2013:01:44:35 +0530] "GET /static/scripts/gimmick.js HTTP/1.1" 200 3592 "http://10.71.71.171:8081/fb" "Mozilla/5.0 (X11; Linux x86_64) AppleWebKit/537.36 (KHTML, like Gecko) Ubuntu Chromium/28.0.1500.71 Chrome/28.0.1500.71 Safari/537.36"
10.71.71.190 - - [27/Jul/2013:01:44:35 +0530] "GET /static/scripts/d3.v3.min.js HTTP/1.1" 200 48998 "http://10.71.71.171:8081/fb" "Mozilla/5.0 (X11; Linux x86_64) AppleWebKit/537.36 (KHTML, like Gecko) Ubuntu Chromium/28.0.1500.71 Chrome/28.0.1500.71 Safari/537.36"
10.71.71.190 - - [27/Jul/2013:01:44:35 +0530] "GET /static/scripts/jquery.js HTTP/1.1" 200 81488 "http://10.71.71.171:8081/fb" "Mozilla/5.0 (X11; Linux x86_64) AppleWebKit/537.36 (KHTML, like Gecko) Ubuntu Chromium/28.0.1500.71 Chrome/28.0.1500.71 Safari/537.36"
10.71.71.190 - - [27/Jul/2013:01:44:35 +0530] "GET /favicon.ico HTTP/1.1" 404 501 "-" "Mozilla/5.0 (X11; Linux x86_64) AppleWebKit/537.36 (KHTML, like Gecko) Ubuntu Chromium/28.0.1500.71 Chrome/28.0.1500.71 Safari/537.36"
10.71.71.190 - - [27/Jul/2013:01:44:35 +0530] "GET /favicon.ico HTTP/1.1" 404 501 "-" "Mozilla/5.0 (X11; Linux x86_64) AppleWebKit/537.36 (KHTML, like Gecko) Ubuntu Chromium/28.0.1500.71 Chrome/28.0.1500.71 Safari/537.36"
10.71.71.190 - - [27/Jul/2013:01:44:35 +0530] "GET /favicon.ico HTTP/1.1" 404 501 "-" "Mozilla/5.0 (X11; Linux x86_64) AppleWebKit/537.36 (KHTML, like Gecko) Ubuntu Chromium/28.0.1500.71 Chrome/28.0.1500.71 Safari/537.36"
10.71.71.190 - - [27/Jul/2013:01:44:35 +0530] "GET /favicon.ico HTTP/1.1" 404 501 "-" "Mozilla/5.0 (X11; Linux x86_64) AppleWebKit/537.36 (KHTML, like Gecko) Ubuntu Chromium/28.0.1500.71 Chrome/28.0.1500.71 Safari/537.36"
10.71.71.190 - - [27/Jul/2013:01:44:35 +0530] "GET /favicon.ico HTTP/1.1" 404 501 "-" "Mozilla/5.0 (X11; Linux x86_64) AppleWebKit/537.36 (KHTML, like Gecko) Ubuntu Chromium/28.0.1500.71 Chrome/28.0.1500.71 Safari/537.36"
10.71.71.190 - - [27/Jul/2013:01:44:36 +0530] "GET /fb/_getProfile?a=CAAIK2YbNf7cBAOCoCx5bQZAUzNHSYt42ZB6M8Fdu1aQgahKWIUP5NOBD6CJXQWM8gZBKzaH4ZBrTnVHiLIvn8V0f2TtB2IyxmpkHzUKtiVl5MWZCZBUiIZCcwzQ9awRKakZB3TgUm3oXtzHYXm24Qfd6kRMxwquFKRZAbcr0OAXXcOQZDZD HTTP/1.1" 200 557 "http://10.71.71.171:8081/fb" "Mozilla/5.0 (X11; Linux x86_64) AppleWebKit/537.36 (KHTML, like Gecko) Ubuntu Chromium/28.0.1500.71 Chrome/28.0.1500.71 Safari/537.36"
10.71.71.81 - - [27/Jul/2013:01:44:50 +0530] "GET /fb HTTP/1.1" 200 1661 "-" "Mozilla/5.0 (Windows NT 6.1; WOW64) AppleWebKit/537.36 (KHTML, like Gecko) Chrome/28.0.1500.72 Safari/537.36"
10.71.71.81 - - [27/Jul/2013:01:44:50 +0530] "GET /static/scripts/d3.v3.min.js HTTP/1.1" 304 212 "http://10.71.71.171:8081/fb" "Mozilla/5.0 (Windows NT 6.1; WOW64) AppleWebKit/537.36 (KHTML, like Gecko) Chrome/28.0.1500.72 Safari/537.36"
10.71.71.81 - - [27/Jul/2013:01:44:50 +0530] "GET /static/themes/general.css HTTP/1.1" 304 210 "http://10.71.71.171:8081/fb" "Mozilla/5.0 (Windows NT 6.1; WOW64) AppleWebKit/537.36 (KHTML, like Gecko) Chrome/28.0.1500.72 Safari/537.36"
10.71.71.81 - - [27/Jul/2013:01:44:50 +0530] "GET /static/scripts/gimmick.js HTTP/1.1" 304 211 "http://10.71.71.171:8081/fb" "Mozilla/5.0 (Windows NT 6.1; WOW64) AppleWebKit/537.36 (KHTML, like Gecko) Chrome/28.0.1500.72 Safari/537.36"
10.71.71.81 - - [27/Jul/2013:01:44:50 +0530] "GET /static/scripts/jquery.js HTTP/1.1" 304 211 "http://10.71.71.171:8081/fb" "Mozilla/5.0 (Windows NT 6.1; WOW64) AppleWebKit/537.36 (KHTML, like Gecko) Chrome/28.0.1500.72 Safari/537.36"
10.71.71.81 - - [27/Jul/2013:01:44:51 +0530] "GET /favicon.ico HTTP/1.1" 404 501 "-" "Mozilla/5.0 (Windows NT 6.1; WOW64) AppleWebKit/537.36 (KHTML, like Gecko) Chrome/28.0.1500.72 Safari/537.36"
10.71.71.81 - - [27/Jul/2013:01:44:51 +0530] "GET /favicon.ico HTTP/1.1" 404 501 "-" "Mozilla/5.0 (Windows NT 6.1; WOW64) AppleWebKit/537.36 (KHTML, like Gecko) Chrome/28.0.1500.72 Safari/537.36"
10.71.71.81 - - [27/Jul/2013:01:44:51 +0530] "GET /favicon.ico HTTP/1.1" 404 501 "-" "Mozilla/5.0 (Windows NT 6.1; WOW64) AppleWebKit/537.36 (KHTML, like Gecko) Chrome/28.0.1500.72 Safari/537.36"
10.71.71.81 - - [27/Jul/2013:01:44:51 +0530] "GET /favicon.ico HTTP/1.1" 404 501 "-" "Mozilla/5.0 (Windows NT 6.1; WOW64) AppleWebKit/537.36 (KHTML, like Gecko) Chrome/28.0.1500.72 Safari/537.36"
10.71.71.81 - - [27/Jul/2013:01:44:51 +0530] "GET /favicon.ico HTTP/1.1" 404 501 "-" "Mozilla/5.0 (Windows NT 6.1; WOW64) AppleWebKit/537.36 (KHTML, like Gecko) Chrome/28.0.1500.72 Safari/537.36"
10.71.71.81 - - [27/Jul/2013:01:44:51 +0530] "GET /fb/_getProfile?a=CAAIK2YbNf7cBAPvZCccjj9iNyQoj6fGd4yKRove8zzuxDTNKwh5iHOeVoJnSesclpEvI04nDhOtjQ3dziAu9Q6PATVSuKYNpkm3nQKrwcMLXhDM8AQN34oxW22lGAdbk9cATqjGETp3SmXMgYKGOshTuULiAMmNwJhTQ2YAZDZD HTTP/1.1" 200 539 "http://10.71.71.171:8081/fb" "Mozilla/5.0 (Windows NT 6.1; WOW64) AppleWebKit/537.36 (KHTML, like Gecko) Chrome/28.0.1500.72 Safari/537.36"
10.71.71.190 - - [27/Jul/2013:01:44:37 +0530] "GET /fb/_getCloseFriends?a=CAAIK2YbNf7cBAOCoCx5bQZAUzNHSYt42ZB6M8Fdu1aQgahKWIUP5NOBD6CJXQWM8gZBKzaH4ZBrTnVHiLIvn8V0f2TtB2IyxmpkHzUKtiVl5MWZCZBUiIZCcwzQ9awRKakZB3TgUm3oXtzHYXm24Qfd6kRMxwquFKRZAbcr0OAXXcOQZDZD&b=100000109815910 HTTP/1.1" 200 1935 "http://10.71.71.171:8081/fb" "Mozilla/5.0 (X11; Linux x86_64) AppleWebKit/537.36 (KHTML, like Gecko) Ubuntu Chromium/28.0.1500.71 Chrome/28.0.1500.71 Safari/537.36"
127.0.0.1 - - [27/Jul/2013:01:45:23 +0530] "OPTIONS * HTTP/1.0" 200 126 "-" "Apache/2.2.22 (Ubuntu) (internal dummy connection)"
10.71.71.81 - - [27/Jul/2013:01:44:52 +0530] "GET /fb/_getCloseFriends?a=CAAIK2YbNf7cBAPvZCccjj9iNyQoj6fGd4yKRove8zzuxDTNKwh5iHOeVoJnSesclpEvI04nDhOtjQ3dziAu9Q6PATVSuKYNpkm3nQKrwcMLXhDM8AQN34oxW22lGAdbk9cATqjGETp3SmXMgYKGOshTuULiAMmNwJhTQ2YAZDZD&b=100001278231508 HTTP/1.1" 200 1784 "http://10.71.71.171:8081/fb" "Mozilla/5.0 (Windows NT 6.1; WOW64) AppleWebKit/537.36 (KHTML, like Gecko) Chrome/28.0.1500.72 Safari/537.36"
127.0.0.1 - - [27/Jul/2013:01:45:30 +0530] "OPTIONS * HTTP/1.0" 200 126 "-" "Apache/2.2.22 (Ubuntu) (internal dummy connection)"
127.0.0.1 - - [27/Jul/2013:01:49:08 +0530] "GET /fb HTTP/1.1" 200 1661 "-" "Mozilla/5.0 (X11; Ubuntu; Linux x86_64; rv:11.0) Gecko/20100101 Firefox/11.0"
127.0.0.1 - - [27/Jul/2013:01:49:09 +0530] "GET /static/scripts/gimmick.js HTTP/1.1" 200 3591 "http://127.0.0.1:8081/fb" "Mozilla/5.0 (X11; Ubuntu; Linux x86_64; rv:11.0) Gecko/20100101 Firefox/11.0"
127.0.0.1 - - [27/Jul/2013:01:49:09 +0530] "GET /static/themes/general.css HTTP/1.1" 304 209 "http://127.0.0.1:8081/fb" "Mozilla/5.0 (X11; Ubuntu; Linux x86_64; rv:11.0) Gecko/20100101 Firefox/11.0"
127.0.0.1 - - [27/Jul/2013:01:49:11 +0530] "GET /fb/_getProfile?a=CAAIK2YbNf7cBAC3AZALXc5fE5VWPbLdSBXfg9ZC1q7GgUDlbL5zElfSXYpYVK03tmpLrUU9RbGMad6K1po3xa9S2mzwleV532XHVUO5hWjqRmv5IjUPb9mOq1Kl11jQ55Mr6CT9eavtrTOqPqJVPznONCVOOwZD HTTP/1.1" 200 555 "http://127.0.0.1:8081/fb" "Mozilla/5.0 (X11; Ubuntu; Linux x86_64; rv:11.0) Gecko/20100101 Firefox/11.0"
127.0.0.1 - - [27/Jul/2013:01:49:12 +0530] "GET /fb/_getCloseFriends?a=CAAIK2YbNf7cBAC3AZALXc5fE5VWPbLdSBXfg9ZC1q7GgUDlbL5zElfSXYpYVK03tmpLrUU9RbGMad6K1po3xa9S2mzwleV532XHVUO5hWjqRmv5IjUPb9mOq1Kl11jQ55Mr6CT9eavtrTOqPqJVPznONCVOOwZD&b=684121014 HTTP/1.1" 200 1797 "http://127.0.0.1:8081/fb" "Mozilla/5.0 (X11; Ubuntu; Linux x86_64; rv:11.0) Gecko/20100101 Firefox/11.0"
127.0.0.1 - - [28/Jul/2013:20:35:02 +0530] "GET /fb HTTP/1.1" 200 1661 "-" "Mozilla/5.0 (X11; Ubuntu; Linux x86_64; rv:11.0) Gecko/20100101 Firefox/11.0"
127.0.0.1 - - [28/Jul/2013:20:35:03 +0530] "GET /static/themes/general.css HTTP/1.1" 200 603 "http://0.0.0.0:8081/fb" "Mozilla/5.0 (X11; Ubuntu; Linux x86_64; rv:11.0) Gecko/20100101 Firefox/11.0"
127.0.0.1 - - [28/Jul/2013:20:35:03 +0530] "GET /static/scripts/gimmick.js HTTP/1.1" 200 3592 "http://0.0.0.0:8081/fb" "Mozilla/5.0 (X11; Ubuntu; Linux x86_64; rv:11.0) Gecko/20100101 Firefox/11.0"
127.0.0.1 - - [28/Jul/2013:20:35:03 +0530] "GET /static/scripts/d3.v3.min.js HTTP/1.1" 200 48998 "http://0.0.0.0:8081/fb" "Mozilla/5.0 (X11; Ubuntu; Linux x86_64; rv:11.0) Gecko/20100101 Firefox/11.0"
127.0.0.1 - - [28/Jul/2013:20:35:03 +0530] "GET /static/scripts/jquery.js HTTP/1.1" 200 81488 "http://0.0.0.0:8081/fb" "Mozilla/5.0 (X11; Ubuntu; Linux x86_64; rv:11.0) Gecko/20100101 Firefox/11.0"
127.0.0.1 - - [28/Jul/2013:20:35:04 +0530] "GET /favicon.ico HTTP/1.1" 404 497 "-" "Mozilla/5.0 (X11; Ubuntu; Linux x86_64; rv:11.0) Gecko/20100101 Firefox/11.0"
127.0.0.1 - - [28/Jul/2013:20:35:04 +0530] "GET /favicon.ico HTTP/1.1" 404 497 "-" "Mozilla/5.0 (X11; Ubuntu; Linux x86_64; rv:11.0) Gecko/20100101 Firefox/11.0"
127.0.0.1 - - [28/Jul/2013:20:35:09 +0530] "OPTIONS * HTTP/1.0" 200 126 "-" "Apache/2.2.22 (Ubuntu) (internal dummy connection)"
127.0.0.1 - - [28/Jul/2013:20:35:10 +0530] "OPTIONS * HTTP/1.0" 200 126 "-" "Apache/2.2.22 (Ubuntu) (internal dummy connection)"
127.0.0.1 - - [28/Jul/2013:20:36:54 +0530] "GET /fb HTTP/1.1" 200 1661 "-" "Mozilla/5.0 (X11; Ubuntu; Linux x86_64; rv:11.0) Gecko/20100101 Firefox/11.0"
127.0.0.1 - - [28/Jul/2013:20:36:55 +0530] "GET /static/scripts/jquery.js HTTP/1.1" 304 211 "http://0.0.0.0:8081/fb" "Mozilla/5.0 (X11; Ubuntu; Linux x86_64; rv:11.0) Gecko/20100101 Firefox/11.0"
127.0.0.1 - - [28/Jul/2013:20:36:55 +0530] "GET /static/scripts/d3.v3.min.js HTTP/1.1" 304 211 "http://0.0.0.0:8081/fb" "Mozilla/5.0 (X11; Ubuntu; Linux x86_64; rv:11.0) Gecko/20100101 Firefox/11.0"
127.0.0.1 - - [28/Jul/2013:20:36:55 +0530] "GET /static/scripts/gimmick.js HTTP/1.1" 304 210 "http://0.0.0.0:8081/fb" "Mozilla/5.0 (X11; Ubuntu; Linux x86_64; rv:11.0) Gecko/20100101 Firefox/11.0"
127.0.0.1 - - [28/Jul/2013:20:36:55 +0530] "GET /static/themes/general.css HTTP/1.1" 304 209 "http://0.0.0.0:8081/fb" "Mozilla/5.0 (X11; Ubuntu; Linux x86_64; rv:11.0) Gecko/20100101 Firefox/11.0"
127.0.0.1 - - [28/Jul/2013:20:37:19 +0530] "GET /fb HTTP/1.1" 200 1661 "-" "Mozilla/5.0 (X11; Ubuntu; Linux x86_64; rv:11.0) Gecko/20100101 Firefox/11.0"
127.0.0.1 - - [28/Jul/2013:20:37:19 +0530] "GET /static/scripts/jquery.js HTTP/1.1" 304 211 "http://127.0.0.1:8081/fb" "Mozilla/5.0 (X11; Ubuntu; Linux x86_64; rv:11.0) Gecko/20100101 Firefox/11.0"
127.0.0.1 - - [28/Jul/2013:20:37:19 +0530] "GET /static/scripts/d3.v3.min.js HTTP/1.1" 304 211 "http://127.0.0.1:8081/fb" "Mozilla/5.0 (X11; Ubuntu; Linux x86_64; rv:11.0) Gecko/20100101 Firefox/11.0"
127.0.0.1 - - [28/Jul/2013:20:37:19 +0530] "GET /static/scripts/gimmick.js HTTP/1.1" 304 210 "http://127.0.0.1:8081/fb" "Mozilla/5.0 (X11; Ubuntu; Linux x86_64; rv:11.0) Gecko/20100101 Firefox/11.0"
127.0.0.1 - - [28/Jul/2013:20:37:19 +0530] "GET /static/themes/general.css HTTP/1.1" 304 209 "http://127.0.0.1:8081/fb" "Mozilla/5.0 (X11; Ubuntu; Linux x86_64; rv:11.0) Gecko/20100101 Firefox/11.0"
127.0.0.1 - - [28/Jul/2013:20:37:31 +0530] "GET /fb/_getProfile?a=CAAIK2YbNf7cBAJZC39a5yiTo5js7Pc6EwOSq3PoXjCwaf6xBptt99BQrJh1MeiCYa6x5iN2cOMPRAT6xLi7JnIeQv1ZCMm0ZAd4PLFnoM6jggGwYCRW3l5bbQZCW1YauWjgqqOZCwyzR6ZAoo7zkIE95no3q5PxNUZD HTTP/1.1" 200 556 "http://127.0.0.1:8081/fb" "Mozilla/5.0 (X11; Ubuntu; Linux x86_64; rv:11.0) Gecko/20100101 Firefox/11.0"
127.0.0.1 - - [28/Jul/2013:20:37:33 +0530] "GET /fb/_getCloseFriends?a=CAAIK2YbNf7cBAJZC39a5yiTo5js7Pc6EwOSq3PoXjCwaf6xBptt99BQrJh1MeiCYa6x5iN2cOMPRAT6xLi7JnIeQv1ZCMm0ZAd4PLFnoM6jggGwYCRW3l5bbQZCW1YauWjgqqOZCwyzR6ZAoo7zkIE95no3q5PxNUZD&b=684121014 HTTP/1.1" 200 1799 "http://127.0.0.1:8081/fb" "Mozilla/5.0 (X11; Ubuntu; Linux x86_64; rv:11.0) Gecko/20100101 Firefox/11.0"
127.0.0.1 - - [28/Jul/2013:20:39:24 +0530] "GET /fb HTTP/1.1" 200 1661 "-" "Mozilla/5.0 (X11; Ubuntu; Linux x86_64; rv:11.0) Gecko/20100101 Firefox/11.0"
127.0.0.1 - - [28/Jul/2013:20:39:25 +0530] "GET /static/scripts/jquery.js HTTP/1.1" 304 211 "http://127.0.0.1:8081/fb" "Mozilla/5.0 (X11; Ubuntu; Linux x86_64; rv:11.0) Gecko/20100101 Firefox/11.0"
127.0.0.1 - - [28/Jul/2013:20:39:25 +0530] "GET /static/scripts/d3.v3.min.js HTTP/1.1" 304 211 "http://127.0.0.1:8081/fb" "Mozilla/5.0 (X11; Ubuntu; Linux x86_64; rv:11.0) Gecko/20100101 Firefox/11.0"
127.0.0.1 - - [28/Jul/2013:20:39:25 +0530] "GET /static/scripts/gimmick.js HTTP/1.1" 304 210 "http://127.0.0.1:8081/fb" "Mozilla/5.0 (X11; Ubuntu; Linux x86_64; rv:11.0) Gecko/20100101 Firefox/11.0"
127.0.0.1 - - [28/Jul/2013:20:39:25 +0530] "GET /static/themes/general.css HTTP/1.1" 304 209 "http://127.0.0.1:8081/fb" "Mozilla/5.0 (X11; Ubuntu; Linux x86_64; rv:11.0) Gecko/20100101 Firefox/11.0"
127.0.0.1 - - [28/Jul/2013:20:39:27 +0530] "GET /fb/_getProfile?a=CAAIK2YbNf7cBAJ7trm8XLcg4EedxcrYIzVFZCUx7bPxl7Cb1uU0eyqjQR4x6tO90GRRs7YQ8BrL0W7GVWkeL1y39v41slpIhkopb4QIYZA806CVMgrvFs81zVtDEYYCWeUgrScyvjDiWg48gHSW4zUxfPJ6FkZD HTTP/1.1" 200 555 "http://127.0.0.1:8081/fb" "Mozilla/5.0 (X11; Ubuntu; Linux x86_64; rv:11.0) Gecko/20100101 Firefox/11.0"
127.0.0.1 - - [28/Jul/2013:20:39:32 +0530] "GET /fb HTTP/1.1" 200 1661 "-" "Mozilla/5.0 (X11; Ubuntu; Linux x86_64; rv:11.0) Gecko/20100101 Firefox/11.0"
127.0.0.1 - - [28/Jul/2013:20:39:33 +0530] "GET /fb/_getProfile?a=CAAIK2YbNf7cBAJRkZAx1ptHHPptzONIsB3IhSLHt8gVGKtFk0InJX38qXr9rMVWtZByHRL0OzT3a619zaCOFbtNXE11OMI64ZBOyK9dNMTrE9TePZAXd6zSwX8J8JAbdjZARTdCjUcRcESixJmnPtLZCTJDDyTFREZD HTTP/1.1" 200 555 "http://127.0.0.1:8081/fb" "Mozilla/5.0 (X11; Ubuntu; Linux x86_64; rv:11.0) Gecko/20100101 Firefox/11.0"
127.0.0.1 - - [28/Jul/2013:20:39:36 +0530] "GET /fb HTTP/1.1" 200 1661 "-" "Mozilla/5.0 (X11; Ubuntu; Linux x86_64; rv:11.0) Gecko/20100101 Firefox/11.0"
127.0.0.1 - - [28/Jul/2013:20:39:37 +0530] "GET /fb/_getProfile?a=CAAIK2YbNf7cBAGZAEOKiIiE2UQaPKh7vpPvOGWyWi6ZBmJ6Aa6ZB34rRIm3SWtWZB5egvPOOQNbsrntOpeGkP1HrK1FfDAxZByb4QBoA4qTCJQml4gAom1AMbBHPzn0uZAhe2F9RyO1U25yFQl6PtERGXqY9PoLdEZD HTTP/1.1" 200 555 "http://127.0.0.1:8081/fb" "Mozilla/5.0 (X11; Ubuntu; Linux x86_64; rv:11.0) Gecko/20100101 Firefox/11.0"
127.0.0.1 - - [28/Jul/2013:20:39:28 +0530] "GET /fb/_getCloseFriends?a=CAAIK2YbNf7cBAJ7trm8XLcg4EedxcrYIzVFZCUx7bPxl7Cb1uU0eyqjQR4x6tO90GRRs7YQ8BrL0W7GVWkeL1y39v41slpIhkopb4QIYZA806CVMgrvFs81zVtDEYYCWeUgrScyvjDiWg48gHSW4zUxfPJ6FkZD&b=684121014 HTTP/1.1" 200 1779 "http://127.0.0.1:8081/fb" "Mozilla/5.0 (X11; Ubuntu; Linux x86_64; rv:11.0) Gecko/20100101 Firefox/11.0"
127.0.0.1 - - [28/Jul/2013:20:39:34 +0530] "GET /fb/_getCloseFriends?a=CAAIK2YbNf7cBAJRkZAx1ptHHPptzONIsB3IhSLHt8gVGKtFk0InJX38qXr9rMVWtZByHRL0OzT3a619zaCOFbtNXE11OMI64ZBOyK9dNMTrE9TePZAXd6zSwX8J8JAbdjZARTdCjUcRcESixJmnPtLZCTJDDyTFREZD&b=684121014 HTTP/1.1" 200 1779 "http://127.0.0.1:8081/fb" "Mozilla/5.0 (X11; Ubuntu; Linux x86_64; rv:11.0) Gecko/20100101 Firefox/11.0"
127.0.0.1 - - [28/Jul/2013:20:39:38 +0530] "GET /fb/_getCloseFriends?a=CAAIK2YbNf7cBAGZAEOKiIiE2UQaPKh7vpPvOGWyWi6ZBmJ6Aa6ZB34rRIm3SWtWZB5egvPOOQNbsrntOpeGkP1HrK1FfDAxZByb4QBoA4qTCJQml4gAom1AMbBHPzn0uZAhe2F9RyO1U25yFQl6PtERGXqY9PoLdEZD&b=684121014 HTTP/1.1" 200 1799 "http://127.0.0.1:8081/fb" "Mozilla/5.0 (X11; Ubuntu; Linux x86_64; rv:11.0) Gecko/20100101 Firefox/11.0"
127.0.0.1 - - [28/Jul/2013:20:45:16 +0530] "OPTIONS * HTTP/1.0" 200 126 "-" "Apache/2.2.22 (Ubuntu) (internal dummy connection)"
127.0.0.1 - - [28/Jul/2013:20:45:16 +0530] "OPTIONS * HTTP/1.0" 200 126 "-" "Apache/2.2.22 (Ubuntu) (internal dummy connection)"
127.0.0.1 - - [28/Jul/2013:20:45:16 +0530] "OPTIONS * HTTP/1.0" 200 126 "-" "Apache/2.2.22 (Ubuntu) (internal dummy connection)"
127.0.0.1 - - [28/Jul/2013:20:45:16 +0530] "OPTIONS * HTTP/1.0" 200 126 "-" "Apache/2.2.22 (Ubuntu) (internal dummy connection)"
127.0.0.1 - - [28/Jul/2013:20:45:16 +0530] "OPTIONS * HTTP/1.0" 200 126 "-" "Apache/2.2.22 (Ubuntu) (internal dummy connection)"
127.0.0.1 - - [28/Jul/2013:20:45:16 +0530] "OPTIONS * HTTP/1.0" 200 126 "-" "Apache/2.2.22 (Ubuntu) (internal dummy connection)"
127.0.0.1 - - [28/Jul/2013:20:45:16 +0530] "OPTIONS * HTTP/1.0" 200 126 "-" "Apache/2.2.22 (Ubuntu) (internal dummy connection)"
127.0.0.1 - - [28/Jul/2013:20:45:16 +0530] "OPTIONS * HTTP/1.0" 200 126 "-" "Apache/2.2.22 (Ubuntu) (internal dummy connection)"
127.0.0.1 - - [28/Jul/2013:20:45:16 +0530] "OPTIONS * HTTP/1.0" 200 126 "-" "Apache/2.2.22 (Ubuntu) (internal dummy connection)"
127.0.0.1 - - [28/Jul/2013:20:45:16 +0530] "OPTIONS * HTTP/1.0" 200 126 "-" "Apache/2.2.22 (Ubuntu) (internal dummy connection)"
127.0.0.1 - - [28/Jul/2013:20:45:17 +0530] "OPTIONS * HTTP/1.0" 200 126 "-" "Apache/2.2.22 (Ubuntu) (internal dummy connection)"
127.0.0.1 - - [28/Jul/2013:20:45:17 +0530] "OPTIONS * HTTP/1.0" 200 126 "-" "Apache/2.2.22 (Ubuntu) (internal dummy connection)"
127.0.0.1 - - [28/Jul/2013:23:43:49 +0530] "GET /fb HTTP/1.1" 200 1661 "-" "Mozilla/5.0 (X11; Ubuntu; Linux x86_64; rv:11.0) Gecko/20100101 Firefox/11.0"
127.0.0.1 - - [28/Jul/2013:23:43:51 +0530] "GET /fb/_getProfile?a=CAAIK2YbNf7cBAP2udRumZCtMtxjit22SdmHaic56SsruRnB2uRveZCakP0YljHvAxpUG4aythH5rPcNsSwNSM92eZCQQ6bOudkvqAoU5rCfwzZAmrKaDd81gLknC0qJazJF7VZAWDFZAJXShiKxZAlbf3D8dJECtioZD HTTP/1.1" 200 555 "http://127.0.0.1:8081/fb" "Mozilla/5.0 (X11; Ubuntu; Linux x86_64; rv:11.0) Gecko/20100101 Firefox/11.0"
127.0.0.1 - - [28/Jul/2013:23:43:53 +0530] "GET /fb/_getCloseFriends?a=CAAIK2YbNf7cBAP2udRumZCtMtxjit22SdmHaic56SsruRnB2uRveZCakP0YljHvAxpUG4aythH5rPcNsSwNSM92eZCQQ6bOudkvqAoU5rCfwzZAmrKaDd81gLknC0qJazJF7VZAWDFZAJXShiKxZAlbf3D8dJECtioZD&b=684121014 HTTP/1.1" 200 1799 "http://127.0.0.1:8081/fb" "Mozilla/5.0 (X11; Ubuntu; Linux x86_64; rv:11.0) Gecko/20100101 Firefox/11.0"
10.71.71.190 - - [29/Jul/2013:16:03:11 +0530] "GET / HTTP/1.1" 403 497 "-" "Mozilla/5.0 (X11; Linux x86_64) AppleWebKit/537.36 (KHTML, like Gecko) Ubuntu Chromium/28.0.1500.71 Chrome/28.0.1500.71 Safari/537.36"
10.71.71.190 - - [29/Jul/2013:16:03:11 +0530] "GET /favicon.ico HTTP/1.1" 404 501 "-" "Mozilla/5.0 (X11; Linux x86_64) AppleWebKit/537.36 (KHTML, like Gecko) Ubuntu Chromium/28.0.1500.71 Chrome/28.0.1500.71 Safari/537.36"
10.71.71.190 - - [29/Jul/2013:16:03:18 +0530] "GET /fb HTTP/1.1" 200 1661 "-" "Mozilla/5.0 (X11; Linux x86_64) AppleWebKit/537.36 (KHTML, like Gecko) Ubuntu Chromium/28.0.1500.71 Chrome/28.0.1500.71 Safari/537.36"
10.71.71.190 - - [29/Jul/2013:16:03:19 +0530] "GET /static/themes/general.css HTTP/1.1" 304 210 "http://10.71.71.171:8081/fb" "Mozilla/5.0 (X11; Linux x86_64) AppleWebKit/537.36 (KHTML, like Gecko) Ubuntu Chromium/28.0.1500.71 Chrome/28.0.1500.71 Safari/537.36"
10.71.71.190 - - [29/Jul/2013:16:03:19 +0530] "GET /static/scripts/d3.v3.min.js HTTP/1.1" 304 212 "http://10.71.71.171:8081/fb" "Mozilla/5.0 (X11; Linux x86_64) AppleWebKit/537.36 (KHTML, like Gecko) Ubuntu Chromium/28.0.1500.71 Chrome/28.0.1500.71 Safari/537.36"
10.71.71.190 - - [29/Jul/2013:16:03:19 +0530] "GET /static/scripts/jquery.js HTTP/1.1" 304 211 "http://10.71.71.171:8081/fb" "Mozilla/5.0 (X11; Linux x86_64) AppleWebKit/537.36 (KHTML, like Gecko) Ubuntu Chromium/28.0.1500.71 Chrome/28.0.1500.71 Safari/537.36"
10.71.71.190 - - [29/Jul/2013:16:03:19 +0530] "GET /static/scripts/gimmick.js HTTP/1.1" 304 211 "http://10.71.71.171:8081/fb" "Mozilla/5.0 (X11; Linux x86_64) AppleWebKit/537.36 (KHTML, like Gecko) Ubuntu Chromium/28.0.1500.71 Chrome/28.0.1500.71 Safari/537.36"
10.71.71.190 - - [29/Jul/2013:16:03:19 +0530] "GET /favicon.ico HTTP/1.1" 404 501 "-" "Mozilla/5.0 (X11; Linux x86_64) AppleWebKit/537.36 (KHTML, like Gecko) Ubuntu Chromium/28.0.1500.71 Chrome/28.0.1500.71 Safari/537.36"
10.71.71.190 - - [29/Jul/2013:16:03:19 +0530] "GET /favicon.ico HTTP/1.1" 404 501 "-" "Mozilla/5.0 (X11; Linux x86_64) AppleWebKit/537.36 (KHTML, like Gecko) Ubuntu Chromium/28.0.1500.71 Chrome/28.0.1500.71 Safari/537.36"
10.71.71.190 - - [29/Jul/2013:16:03:19 +0530] "GET /favicon.ico HTTP/1.1" 404 501 "-" "Mozilla/5.0 (X11; Linux x86_64) AppleWebKit/537.36 (KHTML, like Gecko) Ubuntu Chromium/28.0.1500.71 Chrome/28.0.1500.71 Safari/537.36"
10.71.71.190 - - [29/Jul/2013:16:03:19 +0530] "GET /favicon.ico HTTP/1.1" 404 501 "-" "Mozilla/5.0 (X11; Linux x86_64) AppleWebKit/537.36 (KHTML, like Gecko) Ubuntu Chromium/28.0.1500.71 Chrome/28.0.1500.71 Safari/537.36"
10.71.71.190 - - [29/Jul/2013:16:03:19 +0530] "GET /favicon.ico HTTP/1.1" 404 501 "-" "Mozilla/5.0 (X11; Linux x86_64) AppleWebKit/537.36 (KHTML, like Gecko) Ubuntu Chromium/28.0.1500.71 Chrome/28.0.1500.71 Safari/537.36"
10.71.71.190 - - [29/Jul/2013:16:03:20 +0530] "GET /fb/_getProfile?a=CAAIK2YbNf7cBAI6e9vgMQ4wxsjA4dtvKvO4z5ftZC4PTigQCIJHBJ59w0bmqUKizTxjT9zYKAvua2e7WxFykiWp19Kk0WZBZCpA7zcjZBpvqbE0VrZCjDUZBmBDjq3mR8fAicguRQHfDdog9mFEu350ZBZBRYlZALaHyt7XmnnZB52qgZDZD HTTP/1.1" 200 557 "http://10.71.71.171:8081/fb" "Mozilla/5.0 (X11; Linux x86_64) AppleWebKit/537.36 (KHTML, like Gecko) Ubuntu Chromium/28.0.1500.71 Chrome/28.0.1500.71 Safari/537.36"
10.71.71.190 - - [29/Jul/2013:16:03:21 +0530] "GET /fb/_getCloseFriends?a=CAAIK2YbNf7cBAI6e9vgMQ4wxsjA4dtvKvO4z5ftZC4PTigQCIJHBJ59w0bmqUKizTxjT9zYKAvua2e7WxFykiWp19Kk0WZBZCpA7zcjZBpvqbE0VrZCjDUZBmBDjq3mR8fAicguRQHfDdog9mFEu350ZBZBRYlZALaHyt7XmnnZB52qgZDZD&b=100000109815910 HTTP/1.1" 500 641 "http://10.71.71.171:8081/fb" "Mozilla/5.0 (X11; Linux x86_64) AppleWebKit/537.36 (KHTML, like Gecko) Ubuntu Chromium/28.0.1500.71 Chrome/28.0.1500.71 Safari/537.36"
::1 - - [29/Jul/2013:16:03:26 +0530] "OPTIONS * HTTP/1.0" 200 126 "-" "Apache/2.2.22 (Ubuntu) (internal dummy connection)"
::1 - - [29/Jul/2013:16:03:31 +0530] "OPTIONS * HTTP/1.0" 200 126 "-" "Apache/2.2.22 (Ubuntu) (internal dummy connection)"
10.71.71.190 - - [29/Jul/2013:16:03:45 +0530] "GET /fb HTTP/1.1" 200 1661 "-" "Mozilla/5.0 (X11; Linux x86_64) AppleWebKit/537.36 (KHTML, like Gecko) Ubuntu Chromium/28.0.1500.71 Chrome/28.0.1500.71 Safari/537.36"
10.71.71.190 - - [29/Jul/2013:16:03:46 +0530] "GET /static/scripts/gimmick.js HTTP/1.1" 200 3592 "http://10.71.71.171:8081/fb" "Mozilla/5.0 (X11; Linux x86_64) AppleWebKit/537.36 (KHTML, like Gecko) Ubuntu Chromium/28.0.1500.71 Chrome/28.0.1500.71 Safari/537.36"
10.71.71.190 - - [29/Jul/2013:16:03:46 +0530] "GET /static/themes/general.css HTTP/1.1" 200 603 "http://10.71.71.171:8081/fb" "Mozilla/5.0 (X11; Linux x86_64) AppleWebKit/537.36 (KHTML, like Gecko) Ubuntu Chromium/28.0.1500.71 Chrome/28.0.1500.71 Safari/537.36"
10.71.71.190 - - [29/Jul/2013:16:03:46 +0530] "GET /static/scripts/d3.v3.min.js HTTP/1.1" 200 48998 "http://10.71.71.171:8081/fb" "Mozilla/5.0 (X11; Linux x86_64) AppleWebKit/537.36 (KHTML, like Gecko) Ubuntu Chromium/28.0.1500.71 Chrome/28.0.1500.71 Safari/537.36"
10.71.71.190 - - [29/Jul/2013:16:03:46 +0530] "GET /static/scripts/jquery.js HTTP/1.1" 200 81488 "http://10.71.71.171:8081/fb" "Mozilla/5.0 (X11; Linux x86_64) AppleWebKit/537.36 (KHTML, like Gecko) Ubuntu Chromium/28.0.1500.71 Chrome/28.0.1500.71 Safari/537.36"
10.71.71.190 - - [29/Jul/2013:16:03:46 +0530] "GET /favicon.ico HTTP/1.1" 404 501 "-" "Mozilla/5.0 (X11; Linux x86_64) AppleWebKit/537.36 (KHTML, like Gecko) Ubuntu Chromium/28.0.1500.71 Chrome/28.0.1500.71 Safari/537.36"
10.71.71.190 - - [29/Jul/2013:16:03:46 +0530] "GET /favicon.ico HTTP/1.1" 404 501 "-" "Mozilla/5.0 (X11; Linux x86_64) AppleWebKit/537.36 (KHTML, like Gecko) Ubuntu Chromium/28.0.1500.71 Chrome/28.0.1500.71 Safari/537.36"
10.71.71.190 - - [29/Jul/2013:16:03:46 +0530] "GET /favicon.ico HTTP/1.1" 404 501 "-" "Mozilla/5.0 (X11; Linux x86_64) AppleWebKit/537.36 (KHTML, like Gecko) Ubuntu Chromium/28.0.1500.71 Chrome/28.0.1500.71 Safari/537.36"
10.71.71.190 - - [29/Jul/2013:16:03:46 +0530] "GET /favicon.ico HTTP/1.1" 404 501 "-" "Mozilla/5.0 (X11; Linux x86_64) AppleWebKit/537.36 (KHTML, like Gecko) Ubuntu Chromium/28.0.1500.71 Chrome/28.0.1500.71 Safari/537.36"
10.71.71.190 - - [29/Jul/2013:16:03:46 +0530] "GET /favicon.ico HTTP/1.1" 404 501 "-" "Mozilla/5.0 (X11; Linux x86_64) AppleWebKit/537.36 (KHTML, like Gecko) Ubuntu Chromium/28.0.1500.71 Chrome/28.0.1500.71 Safari/537.36"
10.71.71.190 - - [29/Jul/2013:16:03:47 +0530] "GET /fb/_getProfile?a=CAAIK2YbNf7cBAAfLAOR8GIUBgIJAvpy9uvDfnmoBZArMTFUvUVIyMwcihISYwg7tRPcpPYZCCrVdDK2HBP5RCnxCo7rWFybbVWqsxBE6BOpimvMxNzfOLDxZBnHltKB3bQMFeljjmiXwwYh1VPEtFKlvnq4foTir797siSHuwZDZD HTTP/1.1" 200 557 "http://10.71.71.171:8081/fb" "Mozilla/5.0 (X11; Linux x86_64) AppleWebKit/537.36 (KHTML, like Gecko) Ubuntu Chromium/28.0.1500.71 Chrome/28.0.1500.71 Safari/537.36"
10.71.71.190 - - [29/Jul/2013:16:03:48 +0530] "GET /fb/_getCloseFriends?a=CAAIK2YbNf7cBAAfLAOR8GIUBgIJAvpy9uvDfnmoBZArMTFUvUVIyMwcihISYwg7tRPcpPYZCCrVdDK2HBP5RCnxCo7rWFybbVWqsxBE6BOpimvMxNzfOLDxZBnHltKB3bQMFeljjmiXwwYh1VPEtFKlvnq4foTir797siSHuwZDZD&b=100000109815910 HTTP/1.1" 500 641 "http://10.71.71.171:8081/fb" "Mozilla/5.0 (X11; Linux x86_64) AppleWebKit/537.36 (KHTML, like Gecko) Ubuntu Chromium/28.0.1500.71 Chrome/28.0.1500.71 Safari/537.36"
::1 - - [29/Jul/2013:16:03:55 +0530] "OPTIONS * HTTP/1.0" 200 126 "-" "Apache/2.2.22 (Ubuntu) (internal dummy connection)"
10.71.71.190 - - [29/Jul/2013:16:06:40 +0530] "GET /fb HTTP/1.1" 200 1661 "-" "Mozilla/5.0 (X11; Linux x86_64) AppleWebKit/537.36 (KHTML, like Gecko) Ubuntu Chromium/28.0.1500.71 Chrome/28.0.1500.71 Safari/537.36"
10.71.71.190 - - [29/Jul/2013:16:06:40 +0530] "GET /static/scripts/gimmick.js HTTP/1.1" 200 3592 "http://10.71.71.171:8081/fb" "Mozilla/5.0 (X11; Linux x86_64) AppleWebKit/537.36 (KHTML, like Gecko) Ubuntu Chromium/28.0.1500.71 Chrome/28.0.1500.71 Safari/537.36"
10.71.71.190 - - [29/Jul/2013:16:06:40 +0530] "GET /static/themes/general.css HTTP/1.1" 200 603 "http://10.71.71.171:8081/fb" "Mozilla/5.0 (X11; Linux x86_64) AppleWebKit/537.36 (KHTML, like Gecko) Ubuntu Chromium/28.0.1500.71 Chrome/28.0.1500.71 Safari/537.36"
10.71.71.190 - - [29/Jul/2013:16:06:40 +0530] "GET /static/scripts/d3.v3.min.js HTTP/1.1" 200 48998 "http://10.71.71.171:8081/fb" "Mozilla/5.0 (X11; Linux x86_64) AppleWebKit/537.36 (KHTML, like Gecko) Ubuntu Chromium/28.0.1500.71 Chrome/28.0.1500.71 Safari/537.36"
10.71.71.190 - - [29/Jul/2013:16:06:40 +0530] "GET /static/scripts/jquery.js HTTP/1.1" 200 81488 "http://10.71.71.171:8081/fb" "Mozilla/5.0 (X11; Linux x86_64) AppleWebKit/537.36 (KHTML, like Gecko) Ubuntu Chromium/28.0.1500.71 Chrome/28.0.1500.71 Safari/537.36"
10.71.71.190 - - [29/Jul/2013:16:06:40 +0530] "GET /favicon.ico HTTP/1.1" 404 501 "-" "Mozilla/5.0 (X11; Linux x86_64) AppleWebKit/537.36 (KHTML, like Gecko) Ubuntu Chromium/28.0.1500.71 Chrome/28.0.1500.71 Safari/537.36"
10.71.71.190 - - [29/Jul/2013:16:06:40 +0530] "GET /favicon.ico HTTP/1.1" 404 501 "-" "Mozilla/5.0 (X11; Linux x86_64) AppleWebKit/537.36 (KHTML, like Gecko) Ubuntu Chromium/28.0.1500.71 Chrome/28.0.1500.71 Safari/537.36"
10.71.71.190 - - [29/Jul/2013:16:06:40 +0530] "GET /favicon.ico HTTP/1.1" 404 501 "-" "Mozilla/5.0 (X11; Linux x86_64) AppleWebKit/537.36 (KHTML, like Gecko) Ubuntu Chromium/28.0.1500.71 Chrome/28.0.1500.71 Safari/537.36"
10.71.71.190 - - [29/Jul/2013:16:06:40 +0530] "GET /favicon.ico HTTP/1.1" 404 501 "-" "Mozilla/5.0 (X11; Linux x86_64) AppleWebKit/537.36 (KHTML, like Gecko) Ubuntu Chromium/28.0.1500.71 Chrome/28.0.1500.71 Safari/537.36"
10.71.71.190 - - [29/Jul/2013:16:06:41 +0530] "GET /favicon.ico HTTP/1.1" 404 501 "-" "Mozilla/5.0 (X11; Linux x86_64) AppleWebKit/537.36 (KHTML, like Gecko) Ubuntu Chromium/28.0.1500.71 Chrome/28.0.1500.71 Safari/537.36"
10.71.71.190 - - [29/Jul/2013:16:06:41 +0530] "GET /fb/_getProfile?a=CAAIK2YbNf7cBAHTRtIBMYKrllHNgngtiVcA7HL28Bz40rtAQJAOMc8w2cufEogdnfRvPgqmVWcow1b1ZBAMDcigZAgSzwe6Km1EvTTmX2eZBry5LV4pDqVJDyFjJYZCGziqB7caV7MyXwjmFOKR3k143a45xVPvGB7C5nci6MAZDZD HTTP/1.1" 200 557 "http://10.71.71.171:8081/fb" "Mozilla/5.0 (X11; Linux x86_64) AppleWebKit/537.36 (KHTML, like Gecko) Ubuntu Chromium/28.0.1500.71 Chrome/28.0.1500.71 Safari/537.36"
127.0.0.1 - - [29/Jul/2013:16:07:14 +0530] "GET /fb HTTP/1.1" 200 1661 "-" "Mozilla/5.0 (X11; Ubuntu; Linux x86_64; rv:11.0) Gecko/20100101 Firefox/11.0"
127.0.0.1 - - [29/Jul/2013:16:07:14 +0530] "GET /static/scripts/jquery.js HTTP/1.1" 304 211 "http://127.0.0.1:8081/fb" "Mozilla/5.0 (X11; Ubuntu; Linux x86_64; rv:11.0) Gecko/20100101 Firefox/11.0"
127.0.0.1 - - [29/Jul/2013:16:07:14 +0530] "GET /static/scripts/d3.v3.min.js HTTP/1.1" 304 211 "http://127.0.0.1:8081/fb" "Mozilla/5.0 (X11; Ubuntu; Linux x86_64; rv:11.0) Gecko/20100101 Firefox/11.0"
127.0.0.1 - - [29/Jul/2013:16:07:14 +0530] "GET /static/scripts/gimmick.js HTTP/1.1" 304 210 "http://127.0.0.1:8081/fb" "Mozilla/5.0 (X11; Ubuntu; Linux x86_64; rv:11.0) Gecko/20100101 Firefox/11.0"
127.0.0.1 - - [29/Jul/2013:16:07:14 +0530] "GET /static/themes/general.css HTTP/1.1" 304 209 "http://127.0.0.1:8081/fb" "Mozilla/5.0 (X11; Ubuntu; Linux x86_64; rv:11.0) Gecko/20100101 Firefox/11.0"
127.0.0.1 - - [29/Jul/2013:16:07:25 +0530] "GET /fb/_getProfile?a=CAAIK2YbNf7cBAFjEhxWLZAJ6Rd9MyPoTlfogDZBKloNFbkAdwCohuFiOMWpEUcvE9JWquGWQ0v06IIZBGhYZCx71uSXZAOxd6rWZCpzb67AFTccu1zZAZBeQoEBd2r297rsxOQRFMR8ha0APvYqayoHDZAQLNtPyLBOwZD HTTP/1.1" 200 556 "http://127.0.0.1:8081/fb" "Mozilla/5.0 (X11; Ubuntu; Linux x86_64; rv:11.0) Gecko/20100101 Firefox/11.0"
10.71.71.190 - - [29/Jul/2013:16:06:42 +0530] "GET /fb/_getCloseFriends?a=CAAIK2YbNf7cBAHTRtIBMYKrllHNgngtiVcA7HL28Bz40rtAQJAOMc8w2cufEogdnfRvPgqmVWcow1b1ZBAMDcigZAgSzwe6Km1EvTTmX2eZBry5LV4pDqVJDyFjJYZCGziqB7caV7MyXwjmFOKR3k143a45xVPvGB7C5nci6MAZDZD&b=100000109815910 HTTP/1.1" 200 1947 "http://10.71.71.171:8081/fb" "Mozilla/5.0 (X11; Linux x86_64) AppleWebKit/537.36 (KHTML, like Gecko) Ubuntu Chromium/28.0.1500.71 Chrome/28.0.1500.71 Safari/537.36"
127.0.0.1 - - [29/Jul/2013:16:07:27 +0530] "GET /fb/_getCloseFriends?a=CAAIK2YbNf7cBAFjEhxWLZAJ6Rd9MyPoTlfogDZBKloNFbkAdwCohuFiOMWpEUcvE9JWquGWQ0v06IIZBGhYZCx71uSXZAOxd6rWZCpzb67AFTccu1zZAZBeQoEBd2r297rsxOQRFMR8ha0APvYqayoHDZAQLNtPyLBOwZD&b=684121014 HTTP/1.1" 200 1799 "http://127.0.0.1:8081/fb" "Mozilla/5.0 (X11; Ubuntu; Linux x86_64; rv:11.0) Gecko/20100101 Firefox/11.0"
::1 - - [29/Jul/2013:16:08:19 +0530] "OPTIONS * HTTP/1.0" 200 126 "-" "Apache/2.2.22 (Ubuntu) (internal dummy connection)"
10.71.71.190 - - [29/Jul/2013:16:10:45 +0530] "GET /fb HTTP/1.1" 200 1661 "-" "Mozilla/5.0 (X11; Linux x86_64) AppleWebKit/537.36 (KHTML, like Gecko) Ubuntu Chromium/28.0.1500.71 Chrome/28.0.1500.71 Safari/537.36"
10.71.71.190 - - [29/Jul/2013:16:10:45 +0530] "GET /static/themes/general.css HTTP/1.1" 200 603 "http://10.71.71.171:8081/fb" "Mozilla/5.0 (X11; Linux x86_64) AppleWebKit/537.36 (KHTML, like Gecko) Ubuntu Chromium/28.0.1500.71 Chrome/28.0.1500.71 Safari/537.36"
10.71.71.190 - - [29/Jul/2013:16:10:45 +0530] "GET /static/scripts/gimmick.js HTTP/1.1" 200 3592 "http://10.71.71.171:8081/fb" "Mozilla/5.0 (X11; Linux x86_64) AppleWebKit/537.36 (KHTML, like Gecko) Ubuntu Chromium/28.0.1500.71 Chrome/28.0.1500.71 Safari/537.36"
10.71.71.190 - - [29/Jul/2013:16:10:45 +0530] "GET /static/scripts/d3.v3.min.js HTTP/1.1" 200 48998 "http://10.71.71.171:8081/fb" "Mozilla/5.0 (X11; Linux x86_64) AppleWebKit/537.36 (KHTML, like Gecko) Ubuntu Chromium/28.0.1500.71 Chrome/28.0.1500.71 Safari/537.36"
10.71.71.190 - - [29/Jul/2013:16:10:45 +0530] "GET /static/scripts/jquery.js HTTP/1.1" 200 81488 "http://10.71.71.171:8081/fb" "Mozilla/5.0 (X11; Linux x86_64) AppleWebKit/537.36 (KHTML, like Gecko) Ubuntu Chromium/28.0.1500.71 Chrome/28.0.1500.71 Safari/537.36"
10.71.71.190 - - [29/Jul/2013:16:10:45 +0530] "GET /favicon.ico HTTP/1.1" 404 501 "-" "Mozilla/5.0 (X11; Linux x86_64) AppleWebKit/537.36 (KHTML, like Gecko) Ubuntu Chromium/28.0.1500.71 Chrome/28.0.1500.71 Safari/537.36"
10.71.71.190 - - [29/Jul/2013:16:10:45 +0530] "GET /favicon.ico HTTP/1.1" 404 501 "-" "Mozilla/5.0 (X11; Linux x86_64) AppleWebKit/537.36 (KHTML, like Gecko) Ubuntu Chromium/28.0.1500.71 Chrome/28.0.1500.71 Safari/537.36"
10.71.71.190 - - [29/Jul/2013:16:10:45 +0530] "GET /favicon.ico HTTP/1.1" 404 501 "-" "Mozilla/5.0 (X11; Linux x86_64) AppleWebKit/537.36 (KHTML, like Gecko) Ubuntu Chromium/28.0.1500.71 Chrome/28.0.1500.71 Safari/537.36"
10.71.71.190 - - [29/Jul/2013:16:10:45 +0530] "GET /favicon.ico HTTP/1.1" 404 501 "-" "Mozilla/5.0 (X11; Linux x86_64) AppleWebKit/537.36 (KHTML, like Gecko) Ubuntu Chromium/28.0.1500.71 Chrome/28.0.1500.71 Safari/537.36"
10.71.71.190 - - [29/Jul/2013:16:10:46 +0530] "GET /favicon.ico HTTP/1.1" 404 501 "-" "Mozilla/5.0 (X11; Linux x86_64) AppleWebKit/537.36 (KHTML, like Gecko) Ubuntu Chromium/28.0.1500.71 Chrome/28.0.1500.71 Safari/537.36"
10.71.71.190 - - [29/Jul/2013:16:10:46 +0530] "GET /fb/_getProfile?a=CAAIK2YbNf7cBAH2ZAFpXbZAiHvRGCeOkbgbffIaVl6T9rF3i2mPiZAqhkheCs9WhE2R13EN6gTfZAfZBFGjHpZBBcWGHCmk8XDfdGqZBKtcuEOpOV8rA3Ln2j9uRbMaALfwmLSMZCDJhaIwbGRyeTkkHWteerqDvd1yE8ZAxiXy5ZBLQZDZD HTTP/1.1" 200 557 "http://10.71.71.171:8081/fb" "Mozilla/5.0 (X11; Linux x86_64) AppleWebKit/537.36 (KHTML, like Gecko) Ubuntu Chromium/28.0.1500.71 Chrome/28.0.1500.71 Safari/537.36"
10.71.71.190 - - [29/Jul/2013:16:10:47 +0530] "GET /fb/_getCloseFriends?a=CAAIK2YbNf7cBAH2ZAFpXbZAiHvRGCeOkbgbffIaVl6T9rF3i2mPiZAqhkheCs9WhE2R13EN6gTfZAfZBFGjHpZBBcWGHCmk8XDfdGqZBKtcuEOpOV8rA3Ln2j9uRbMaALfwmLSMZCDJhaIwbGRyeTkkHWteerqDvd1yE8ZAxiXy5ZBLQZDZD&b=100000109815910 HTTP/1.1" 500 641 "http://10.71.71.171:8081/fb" "Mozilla/5.0 (X11; Linux x86_64) AppleWebKit/537.36 (KHTML, like Gecko) Ubuntu Chromium/28.0.1500.71 Chrome/28.0.1500.71 Safari/537.36"
::1 - - [29/Jul/2013:16:10:55 +0530] "OPTIONS * HTTP/1.0" 200 126 "-" "Apache/2.2.22 (Ubuntu) (internal dummy connection)"
10.71.71.190 - - [29/Jul/2013:16:17:30 +0530] "GET /fb HTTP/1.1" 200 1661 "-" "Mozilla/5.0 (X11; Linux x86_64) AppleWebKit/537.36 (KHTML, like Gecko) Ubuntu Chromium/28.0.1500.71 Chrome/28.0.1500.71 Safari/537.36"
10.71.71.190 - - [29/Jul/2013:16:17:30 +0530] "GET /static/scripts/gimmick.js HTTP/1.1" 200 3588 "http://10.71.71.171:8081/fb" "Mozilla/5.0 (X11; Linux x86_64) AppleWebKit/537.36 (KHTML, like Gecko) Ubuntu Chromium/28.0.1500.71 Chrome/28.0.1500.71 Safari/537.36"
10.71.71.190 - - [29/Jul/2013:16:17:30 +0530] "GET /static/themes/general.css HTTP/1.1" 200 603 "http://10.71.71.171:8081/fb" "Mozilla/5.0 (X11; Linux x86_64) AppleWebKit/537.36 (KHTML, like Gecko) Ubuntu Chromium/28.0.1500.71 Chrome/28.0.1500.71 Safari/537.36"
10.71.71.190 - - [29/Jul/2013:16:17:30 +0530] "GET /static/scripts/d3.v3.min.js HTTP/1.1" 200 48998 "http://10.71.71.171:8081/fb" "Mozilla/5.0 (X11; Linux x86_64) AppleWebKit/537.36 (KHTML, like Gecko) Ubuntu Chromium/28.0.1500.71 Chrome/28.0.1500.71 Safari/537.36"
10.71.71.190 - - [29/Jul/2013:16:17:30 +0530] "GET /static/scripts/jquery.js HTTP/1.1" 200 81488 "http://10.71.71.171:8081/fb" "Mozilla/5.0 (X11; Linux x86_64) AppleWebKit/537.36 (KHTML, like Gecko) Ubuntu Chromium/28.0.1500.71 Chrome/28.0.1500.71 Safari/537.36"
10.71.71.190 - - [29/Jul/2013:16:17:30 +0530] "GET /favicon.ico HTTP/1.1" 404 501 "-" "Mozilla/5.0 (X11; Linux x86_64) AppleWebKit/537.36 (KHTML, like Gecko) Ubuntu Chromium/28.0.1500.71 Chrome/28.0.1500.71 Safari/537.36"
10.71.71.190 - - [29/Jul/2013:16:17:30 +0530] "GET /favicon.ico HTTP/1.1" 404 501 "-" "Mozilla/5.0 (X11; Linux x86_64) AppleWebKit/537.36 (KHTML, like Gecko) Ubuntu Chromium/28.0.1500.71 Chrome/28.0.1500.71 Safari/537.36"
10.71.71.190 - - [29/Jul/2013:16:17:30 +0530] "GET /favicon.ico HTTP/1.1" 404 501 "-" "Mozilla/5.0 (X11; Linux x86_64) AppleWebKit/537.36 (KHTML, like Gecko) Ubuntu Chromium/28.0.1500.71 Chrome/28.0.1500.71 Safari/537.36"
10.71.71.190 - - [29/Jul/2013:16:17:30 +0530] "GET /favicon.ico HTTP/1.1" 404 501 "-" "Mozilla/5.0 (X11; Linux x86_64) AppleWebKit/537.36 (KHTML, like Gecko) Ubuntu Chromium/28.0.1500.71 Chrome/28.0.1500.71 Safari/537.36"
10.71.71.190 - - [29/Jul/2013:16:17:30 +0530] "GET /favicon.ico HTTP/1.1" 404 501 "-" "Mozilla/5.0 (X11; Linux x86_64) AppleWebKit/537.36 (KHTML, like Gecko) Ubuntu Chromium/28.0.1500.71 Chrome/28.0.1500.71 Safari/537.36"
10.71.71.190 - - [29/Jul/2013:16:17:31 +0530] "GET /fb/_getProfile?a=CAAIK2YbNf7cBADxtJDXlNehGGWLcnrEdFKeis9geJhmPMHs7qSwoL0br7oVBt3ugfmKkHOBhKvWptoZBXHjUBsQlnTpLkZBC30YyZBk3bzqXS4go4YsZCggsQJ88Mq3mbknFXf8hh3tqyg7OhDJRn2rtLiqi9LU2wMFBtHOcgAZDZD HTTP/1.1" 200 557 "http://10.71.71.171:8081/fb" "Mozilla/5.0 (X11; Linux x86_64) AppleWebKit/537.36 (KHTML, like Gecko) Ubuntu Chromium/28.0.1500.71 Chrome/28.0.1500.71 Safari/537.36"
10.71.71.190 - - [29/Jul/2013:16:17:32 +0530] "GET /fb/_getCloseFriends?a=CAAIK2YbNf7cBADxtJDXlNehGGWLcnrEdFKeis9geJhmPMHs7qSwoL0br7oVBt3ugfmKkHOBhKvWptoZBXHjUBsQlnTpLkZBC30YyZBk3bzqXS4go4YsZCggsQJ88Mq3mbknFXf8hh3tqyg7OhDJRn2rtLiqi9LU2wMFBtHOcgAZDZD&b=100000109815910 HTTP/1.1" 200 1948 "http://10.71.71.171:8081/fb" "Mozilla/5.0 (X11; Linux x86_64) AppleWebKit/537.36 (KHTML, like Gecko) Ubuntu Chromium/28.0.1500.71 Chrome/28.0.1500.71 Safari/537.36"
::1 - - [29/Jul/2013:16:18:18 +0530] "OPTIONS * HTTP/1.0" 200 126 "-" "Apache/2.2.22 (Ubuntu) (internal dummy connection)"
127.0.0.1 - - [29/Jul/2013:16:18:48 +0530] "GET /fb HTTP/1.1" 200 1661 "-" "Mozilla/5.0 (X11; Ubuntu; Linux x86_64; rv:11.0) Gecko/20100101 Firefox/11.0"
127.0.0.1 - - [29/Jul/2013:16:18:49 +0530] "GET /static/scripts/jquery.js HTTP/1.1" 304 211 "http://127.0.0.1:8081/fb" "Mozilla/5.0 (X11; Ubuntu; Linux x86_64; rv:11.0) Gecko/20100101 Firefox/11.0"
127.0.0.1 - - [29/Jul/2013:16:18:49 +0530] "GET /static/scripts/d3.v3.min.js HTTP/1.1" 304 211 "http://127.0.0.1:8081/fb" "Mozilla/5.0 (X11; Ubuntu; Linux x86_64; rv:11.0) Gecko/20100101 Firefox/11.0"
127.0.0.1 - - [29/Jul/2013:16:18:49 +0530] "GET /static/scripts/gimmick.js HTTP/1.1" 200 3587 "http://127.0.0.1:8081/fb" "Mozilla/5.0 (X11; Ubuntu; Linux x86_64; rv:11.0) Gecko/20100101 Firefox/11.0"
127.0.0.1 - - [29/Jul/2013:16:18:49 +0530] "GET /static/themes/general.css HTTP/1.1" 304 209 "http://127.0.0.1:8081/fb" "Mozilla/5.0 (X11; Ubuntu; Linux x86_64; rv:11.0) Gecko/20100101 Firefox/11.0"
10.71.71.81 - - [29/Jul/2013:16:18:52 +0530] "GET /fb HTTP/1.1" 200 1661 "-" "Mozilla/5.0 (Windows NT 6.1; WOW64) AppleWebKit/537.36 (KHTML, like Gecko) Chrome/28.0.1500.72 Safari/537.36"
127.0.0.1 - - [29/Jul/2013:16:18:51 +0530] "GET /fb/_getProfile?a=CAAIK2YbNf7cBAGScHeL9lKIuzRZB9SKwjFYco5xTy7fWSu9h2pslu1Seo1beMQaewDpUsKMNKJs4aIm22dUbc8mHIXYzg14cMDxZBeZA0ySUGfzRLJUk90X5SQuhvrF6HPZC9f1Jvb8B9ZC66ZAJcMLqkawQ5dGF4ZD HTTP/1.1" 200 555 "http://127.0.0.1:8081/fb" "Mozilla/5.0 (X11; Ubuntu; Linux x86_64; rv:11.0) Gecko/20100101 Firefox/11.0"
10.71.71.81 - - [29/Jul/2013:16:18:53 +0530] "GET /static/scripts/jquery.js HTTP/1.1" 304 211 "http://10.71.71.171:8081/fb" "Mozilla/5.0 (Windows NT 6.1; WOW64) AppleWebKit/537.36 (KHTML, like Gecko) Chrome/28.0.1500.72 Safari/537.36"
10.71.71.81 - - [29/Jul/2013:16:18:53 +0530] "GET /static/scripts/d3.v3.min.js HTTP/1.1" 304 212 "http://10.71.71.171:8081/fb" "Mozilla/5.0 (Windows NT 6.1; WOW64) AppleWebKit/537.36 (KHTML, like Gecko) Chrome/28.0.1500.72 Safari/537.36"
10.71.71.81 - - [29/Jul/2013:16:18:53 +0530] "GET /static/scripts/gimmick.js HTTP/1.1" 200 3588 "http://10.71.71.171:8081/fb" "Mozilla/5.0 (Windows NT 6.1; WOW64) AppleWebKit/537.36 (KHTML, like Gecko) Chrome/28.0.1500.72 Safari/537.36"
10.71.71.81 - - [29/Jul/2013:16:18:53 +0530] "GET /static/themes/general.css HTTP/1.1" 304 209 "http://10.71.71.171:8081/fb" "Mozilla/5.0 (Windows NT 6.1; WOW64) AppleWebKit/537.36 (KHTML, like Gecko) Chrome/28.0.1500.72 Safari/537.36"
10.71.71.81 - - [29/Jul/2013:16:18:53 +0530] "GET /favicon.ico HTTP/1.1" 404 501 "-" "Mozilla/5.0 (Windows NT 6.1; WOW64) AppleWebKit/537.36 (KHTML, like Gecko) Chrome/28.0.1500.72 Safari/537.36"
10.71.71.81 - - [29/Jul/2013:16:18:53 +0530] "GET /favicon.ico HTTP/1.1" 404 501 "-" "Mozilla/5.0 (Windows NT 6.1; WOW64) AppleWebKit/537.36 (KHTML, like Gecko) Chrome/28.0.1500.72 Safari/537.36"
10.71.71.81 - - [29/Jul/2013:16:18:53 +0530] "GET /favicon.ico HTTP/1.1" 404 501 "-" "Mozilla/5.0 (Windows NT 6.1; WOW64) AppleWebKit/537.36 (KHTML, like Gecko) Chrome/28.0.1500.72 Safari/537.36"
10.71.71.81 - - [29/Jul/2013:16:18:53 +0530] "GET /favicon.ico HTTP/1.1" 404 501 "-" "Mozilla/5.0 (Windows NT 6.1; WOW64) AppleWebKit/537.36 (KHTML, like Gecko) Chrome/28.0.1500.72 Safari/537.36"
10.71.71.81 - - [29/Jul/2013:16:18:53 +0530] "GET /favicon.ico HTTP/1.1" 404 501 "-" "Mozilla/5.0 (Windows NT 6.1; WOW64) AppleWebKit/537.36 (KHTML, like Gecko) Chrome/28.0.1500.72 Safari/537.36"
10.71.71.81 - - [29/Jul/2013:16:18:54 +0530] "GET /fb/_getProfile?a=CAAIK2YbNf7cBAElDAhL5RclmwoU0ttFynzbt4vXU2YQWmZAKyG1lvZCDuZAMZBJXExib3oxCZAKqkudw7vbQSXdh08LF2hNjznNhNMtAKYkP4vGiXl7tLJUVmAnWFqc8byf75zwk6AgT8WaZBWZAGmVCSubRs7Ic1i0R4ArGdOgSAZDZD HTTP/1.1" 200 539 "http://10.71.71.171:8081/fb" "Mozilla/5.0 (Windows NT 6.1; WOW64) AppleWebKit/537.36 (KHTML, like Gecko) Chrome/28.0.1500.72 Safari/537.36"
10.71.71.81 - - [29/Jul/2013:16:18:56 +0530] "GET /fb/_getCloseFriends?a=CAAIK2YbNf7cBAElDAhL5RclmwoU0ttFynzbt4vXU2YQWmZAKyG1lvZCDuZAMZBJXExib3oxCZAKqkudw7vbQSXdh08LF2hNjznNhNMtAKYkP4vGiXl7tLJUVmAnWFqc8byf75zwk6AgT8WaZBWZAGmVCSubRs7Ic1i0R4ArGdOgSAZDZD&b=100001278231508 HTTP/1.1" 200 1798 "http://10.71.71.171:8081/fb" "Mozilla/5.0 (Windows NT 6.1; WOW64) AppleWebKit/537.36 (KHTML, like Gecko) Chrome/28.0.1500.72 Safari/537.36"
127.0.0.1 - - [29/Jul/2013:16:18:53 +0530] "GET /fb/_getCloseFriends?a=CAAIK2YbNf7cBAGScHeL9lKIuzRZB9SKwjFYco5xTy7fWSu9h2pslu1Seo1beMQaewDpUsKMNKJs4aIm22dUbc8mHIXYzg14cMDxZBeZA0ySUGfzRLJUk90X5SQuhvrF6HPZC9f1Jvb8B9ZC66ZAJcMLqkawQ5dGF4ZD&b=684121014 HTTP/1.1" 200 1799 "http://127.0.0.1:8081/fb" "Mozilla/5.0 (X11; Ubuntu; Linux x86_64; rv:11.0) Gecko/20100101 Firefox/11.0"
::1 - - [29/Jul/2013:16:19:42 +0530] "OPTIONS * HTTP/1.0" 200 126 "-" "Apache/2.2.22 (Ubuntu) (internal dummy connection)"
::1 - - [29/Jul/2013:16:19:43 +0530] "OPTIONS * HTTP/1.0" 200 126 "-" "Apache/2.2.22 (Ubuntu) (internal dummy connection)"
127.0.0.1 - - [29/Jul/2013:16:21:15 +0530] "GET /fb HTTP/1.1" 200 1661 "-" "Mozilla/5.0 (X11; Ubuntu; Linux x86_64; rv:11.0) Gecko/20100101 Firefox/11.0"
127.0.0.1 - - [29/Jul/2013:16:21:15 +0530] "GET /static/scripts/jquery.js HTTP/1.1" 304 211 "http://127.0.0.1:8081/fb" "Mozilla/5.0 (X11; Ubuntu; Linux x86_64; rv:11.0) Gecko/20100101 Firefox/11.0"
127.0.0.1 - - [29/Jul/2013:16:21:15 +0530] "GET /static/scripts/d3.v3.min.js HTTP/1.1" 304 211 "http://127.0.0.1:8081/fb" "Mozilla/5.0 (X11; Ubuntu; Linux x86_64; rv:11.0) Gecko/20100101 Firefox/11.0"
127.0.0.1 - - [29/Jul/2013:16:21:15 +0530] "GET /static/scripts/gimmick.js HTTP/1.1" 304 210 "http://127.0.0.1:8081/fb" "Mozilla/5.0 (X11; Ubuntu; Linux x86_64; rv:11.0) Gecko/20100101 Firefox/11.0"
127.0.0.1 - - [29/Jul/2013:16:21:15 +0530] "GET /static/themes/general.css HTTP/1.1" 304 209 "http://127.0.0.1:8081/fb" "Mozilla/5.0 (X11; Ubuntu; Linux x86_64; rv:11.0) Gecko/20100101 Firefox/11.0"
127.0.0.1 - - [29/Jul/2013:16:21:17 +0530] "GET /fb/_getProfile?a=CAAIK2YbNf7cBAJlh5jyDDuyp1Ufw1ZCnjDbW1S9Gx8MaNIzPZAjaHhhaKXwcukT3qIQg2fAqyCIppKg4AWsYJ3t0skTWkeVdkXorsdj27Obofbf9X5qU8DqG7fiZAfZCEstP80tR1aIMLmvCn69jcDCAN1mjujsZD HTTP/1.1" 200 555 "http://127.0.0.1:8081/fb" "Mozilla/5.0 (X11; Ubuntu; Linux x86_64; rv:11.0) Gecko/20100101 Firefox/11.0"
127.0.0.1 - - [29/Jul/2013:16:21:18 +0530] "GET /fb/_getCloseFriends?a=CAAIK2YbNf7cBAJlh5jyDDuyp1Ufw1ZCnjDbW1S9Gx8MaNIzPZAjaHhhaKXwcukT3qIQg2fAqyCIppKg4AWsYJ3t0skTWkeVdkXorsdj27Obofbf9X5qU8DqG7fiZAfZCEstP80tR1aIMLmvCn69jcDCAN1mjujsZD&b=684121014 HTTP/1.1" 200 1929 "http://127.0.0.1:8081/fb" "Mozilla/5.0 (X11; Ubuntu; Linux x86_64; rv:11.0) Gecko/20100101 Firefox/11.0"
10.71.71.81 - - [29/Jul/2013:16:22:52 +0530] "GET /fb HTTP/1.1" 200 1661 "-" "Mozilla/5.0 (Windows NT 6.1; WOW64) AppleWebKit/537.36 (KHTML, like Gecko) Chrome/28.0.1500.72 Safari/537.36"
10.71.71.81 - - [29/Jul/2013:16:22:53 +0530] "GET /static/scripts/d3.v3.min.js HTTP/1.1" 304 212 "http://10.71.71.171:8081/fb" "Mozilla/5.0 (Windows NT 6.1; WOW64) AppleWebKit/537.36 (KHTML, like Gecko) Chrome/28.0.1500.72 Safari/537.36"
10.71.71.81 - - [29/Jul/2013:16:22:53 +0530] "GET /static/themes/general.css HTTP/1.1" 304 210 "http://10.71.71.171:8081/fb" "Mozilla/5.0 (Windows NT 6.1; WOW64) AppleWebKit/537.36 (KHTML, like Gecko) Chrome/28.0.1500.72 Safari/537.36"
